2025-10-19 23:09:40,918 - INFO - ============================================================
2025-10-19 23:09:40,918 - INFO - Complete Dataset Processing for Wake Word Detection
2025-10-19 23:09:40,919 - INFO - ============================================================
2025-10-19 23:09:40,921 - INFO - Loaded 120 noise files
2025-10-19 23:09:40,922 - INFO - Starting audio augmentation...
2025-10-19 23:09:40,922 - INFO - Data directory: ..\database
2025-10-19 23:09:40,922 - INFO - Augmented files will be saved to: ..\augmented_dataset
2025-10-19 23:09:40,922 - INFO - Noise directory: ..\database\background
2025-10-19 23:09:40,922 - INFO - Available noise files: 120
2025-10-19 23:09:40,923 - INFO - Target samples per class: 2250
2025-10-19 23:09:40,923 - INFO - 
Copying unknown directory as-is (no augmentation)
2025-10-19 23:09:42,858 - INFO - Copied 2140 files from unknown
2025-10-19 23:09:42,858 - INFO - 
Copying background directory as-is (no augmentation)
2025-10-19 23:09:42,958 - INFO - Copied 120 files from background
2025-10-19 23:09:42,959 - INFO - Found 2 word directories: ['lehitraoot', 'shalom']
2025-10-19 23:09:42,959 - INFO - 
Processing word: lehitraoot
2025-10-19 23:09:42,959 - INFO - Found 36 WAV files
2025-10-19 23:09:42,960 - INFO - Original samples: 36, Target: 2250
2025-10-19 23:09:42,960 - INFO - Need 2214 augmentations (61.5 per file)
2025-10-19 23:09:42,991 - INFO - Copied 36 original files
2025-10-19 23:09:42,992 - INFO - Processing: lehitraoot_001.wav
2025-10-19 23:10:10,393 - INFO - ============================================================
2025-10-19 23:10:10,393 - INFO - Complete Dataset Processing for Wake Word Detection
2025-10-19 23:10:10,393 - INFO - ============================================================
2025-10-19 23:10:10,395 - INFO - Loaded 120 noise files
2025-10-19 23:10:10,396 - INFO - Starting audio augmentation...
2025-10-19 23:10:10,396 - INFO - Data directory: ..\database
2025-10-19 23:10:10,396 - INFO - Augmented files will be saved to: ..\augmented_dataset
2025-10-19 23:10:10,396 - INFO - Noise directory: ..\database\background
2025-10-19 23:10:10,396 - INFO - Available noise files: 120
2025-10-19 23:10:10,396 - INFO - Target samples per class: 2250
2025-10-19 23:10:10,397 - INFO - 
Copying unknown directory as-is (no augmentation)
2025-10-19 23:10:11,702 - INFO - Copied 2140 files from unknown
2025-10-19 23:10:11,702 - INFO - 
Copying background directory as-is (no augmentation)
2025-10-19 23:10:11,778 - INFO - Copied 120 files from background
2025-10-19 23:10:11,779 - INFO - Found 2 word directories: ['lehitraoot', 'shalom']
2025-10-19 23:10:11,779 - INFO - 
Processing word: lehitraoot
2025-10-19 23:10:11,779 - INFO - Found 36 WAV files
2025-10-19 23:10:11,779 - INFO - Original samples: 36, Target: 2250
2025-10-19 23:10:11,780 - INFO - Need 2214 augmentations (61.5 per file)
2025-10-19 23:10:11,810 - INFO - Copied 36 original files
2025-10-19 23:10:11,810 - INFO - Processing: lehitraoot_001.wav
2025-10-19 23:10:25,182 - INFO - Created 47 augmentations for lehitraoot_001.wav
2025-10-19 23:10:25,183 - INFO - Processing: lehitraoot_002.wav
2025-10-19 23:10:25,621 - INFO - Created 47 augmentations for lehitraoot_002.wav
2025-10-19 23:10:25,622 - INFO - Processing: lehitraoot_003.wav
2025-10-19 23:10:26,120 - INFO - Created 47 augmentations for lehitraoot_003.wav
2025-10-19 23:10:26,120 - INFO - Processing: lehitraoot_004.wav
2025-10-19 23:10:26,595 - INFO - Created 47 augmentations for lehitraoot_004.wav
2025-10-19 23:10:26,595 - INFO - Processing: lehitraoot_006.wav
2025-10-19 23:10:27,007 - INFO - Created 47 augmentations for lehitraoot_006.wav
2025-10-19 23:10:27,008 - INFO - Processing: lehitraoot_008.wav
2025-10-19 23:10:27,403 - INFO - Created 47 augmentations for lehitraoot_008.wav
2025-10-19 23:10:27,403 - INFO - Processing: lehitraoot_009.wav
2025-10-19 23:10:27,801 - INFO - Created 47 augmentations for lehitraoot_009.wav
2025-10-19 23:10:27,802 - INFO - Processing: lehitraoot_010.wav
2025-10-19 23:10:28,233 - INFO - Created 47 augmentations for lehitraoot_010.wav
2025-10-19 23:10:28,234 - INFO - Processing: lehitraoot_011.wav
2025-10-19 23:10:28,597 - INFO - Created 47 augmentations for lehitraoot_011.wav
2025-10-19 23:10:28,597 - INFO - Processing: lehitraoot_012.wav
2025-10-19 23:10:29,118 - INFO - Created 47 augmentations for lehitraoot_012.wav
2025-10-19 23:10:29,118 - INFO - Processing: lehitraoot_014.wav
2025-10-19 23:10:29,661 - INFO - Created 47 augmentations for lehitraoot_014.wav
2025-10-19 23:10:29,661 - INFO - Processing: lehitraoot_015.wav
2025-10-19 23:10:30,154 - INFO - Created 47 augmentations for lehitraoot_015.wav
2025-10-19 23:10:30,154 - INFO - Processing: lehitraoot_017.wav
2025-10-19 23:10:30,717 - INFO - Created 47 augmentations for lehitraoot_017.wav
2025-10-19 23:10:30,718 - INFO - Processing: lehitraoot_022.wav
2025-10-19 23:10:31,212 - INFO - Created 47 augmentations for lehitraoot_022.wav
2025-10-19 23:10:31,212 - INFO - Processing: lehitraoot_025.wav
2025-10-19 23:10:31,862 - INFO - Created 47 augmentations for lehitraoot_025.wav
2025-10-19 23:10:31,862 - INFO - Processing: lehitraoot_027.wav
2025-10-19 23:10:32,425 - INFO - Created 47 augmentations for lehitraoot_027.wav
2025-10-19 23:10:32,425 - INFO - Processing: lehitraoot_029.wav
2025-10-19 23:10:33,234 - INFO - Created 47 augmentations for lehitraoot_029.wav
2025-10-19 23:10:33,235 - INFO - Processing: lehitraoot_030.wav
2025-10-19 23:10:33,859 - INFO - Created 47 augmentations for lehitraoot_030.wav
2025-10-19 23:10:33,860 - INFO - Processing: lehitraoot_033.wav
2025-10-19 23:10:34,633 - INFO - Created 47 augmentations for lehitraoot_033.wav
2025-10-19 23:10:34,634 - INFO - Processing: lehitraoot_034.wav
2025-10-19 23:10:35,243 - INFO - Created 47 augmentations for lehitraoot_034.wav
2025-10-19 23:10:35,244 - INFO - Processing: lehitraoot_037.wav
2025-10-19 23:10:35,711 - INFO - Created 47 augmentations for lehitraoot_037.wav
2025-10-19 23:10:35,712 - INFO - Processing: lehitraoot_038.wav
2025-10-19 23:10:36,503 - INFO - Created 47 augmentations for lehitraoot_038.wav
2025-10-19 23:10:36,504 - INFO - Processing: lehitraoot_039.wav
2025-10-19 23:10:37,276 - INFO - Created 47 augmentations for lehitraoot_039.wav
2025-10-19 23:10:37,277 - INFO - Processing: lehitraoot_040.wav
2025-10-19 23:10:38,040 - INFO - Created 47 augmentations for lehitraoot_040.wav
2025-10-19 23:10:38,041 - INFO - Processing: lehitraoot_041.wav
2025-10-19 23:10:38,515 - INFO - Created 47 augmentations for lehitraoot_041.wav
2025-10-19 23:10:38,516 - INFO - Processing: lehitraoot_044.wav
2025-10-19 23:10:38,986 - INFO - Created 47 augmentations for lehitraoot_044.wav
2025-10-19 23:10:38,986 - INFO - Processing: lehitraoot_046.wav
2025-10-19 23:10:39,510 - INFO - Created 47 augmentations for lehitraoot_046.wav
2025-10-19 23:10:39,510 - INFO - Processing: lehitraoot_047.wav
2025-10-19 23:10:40,079 - INFO - Created 47 augmentations for lehitraoot_047.wav
2025-10-19 23:10:40,079 - INFO - Processing: lehitraoot_048.wav
2025-10-19 23:10:40,779 - INFO - Created 47 augmentations for lehitraoot_048.wav
2025-10-19 23:10:40,780 - INFO - Processing: lehitraoot_049.wav
2025-10-19 23:10:41,333 - INFO - Created 47 augmentations for lehitraoot_049.wav
2025-10-19 23:10:41,334 - INFO - Processing: lehitraoot_051.wav
2025-10-19 23:10:41,861 - INFO - Created 47 augmentations for lehitraoot_051.wav
2025-10-19 23:10:41,862 - INFO - Processing: lehitraoot_053.wav
2025-10-19 23:10:42,442 - INFO - Created 47 augmentations for lehitraoot_053.wav
2025-10-19 23:10:42,443 - INFO - Processing: lehitraoot_054.wav
2025-10-19 23:10:43,119 - INFO - Created 47 augmentations for lehitraoot_054.wav
2025-10-19 23:10:43,120 - INFO - Processing: lehitraoot_055.wav
2025-10-19 23:10:43,699 - INFO - Created 47 augmentations for lehitraoot_055.wav
2025-10-19 23:10:43,699 - INFO - Processing: lehitraoot_056.wav
2025-10-19 23:10:44,432 - INFO - Created 47 augmentations for lehitraoot_056.wav
2025-10-19 23:10:44,433 - INFO - Processing: lehitraoot_057.wav
2025-10-19 23:10:45,070 - INFO - Created 47 augmentations for lehitraoot_057.wav
2025-10-19 23:10:45,070 - INFO - Class lehitraoot completed: 1728 total files (48.0x expansion)
2025-10-19 23:10:45,071 - INFO - 
Processing word: shalom
2025-10-19 23:10:45,072 - INFO - Found 79 WAV files
2025-10-19 23:10:45,073 - INFO - Original samples: 79, Target: 2250
2025-10-19 23:10:45,073 - INFO - Need 2171 augmentations (27.5 per file)
2025-10-19 23:10:45,211 - INFO - Copied 79 original files
2025-10-19 23:10:45,211 - INFO - Processing: shalom_001.wav
2025-10-19 23:10:45,458 - INFO - Created 23 augmentations for shalom_001.wav
2025-10-19 23:10:45,458 - INFO - Processing: shalom_002.wav
2025-10-19 23:10:45,699 - INFO - Created 23 augmentations for shalom_002.wav
2025-10-19 23:10:45,700 - INFO - Processing: shalom_003.wav
2025-10-19 23:10:46,025 - INFO - Created 23 augmentations for shalom_003.wav
2025-10-19 23:10:46,025 - INFO - Processing: shalom_004.wav
2025-10-19 23:10:46,329 - INFO - Created 23 augmentations for shalom_004.wav
2025-10-19 23:10:46,329 - INFO - Processing: shalom_006.wav
2025-10-19 23:10:46,560 - INFO - Created 23 augmentations for shalom_006.wav
2025-10-19 23:10:46,561 - INFO - Processing: shalom_007.wav
2025-10-19 23:10:46,891 - INFO - Created 23 augmentations for shalom_007.wav
2025-10-19 23:10:46,891 - INFO - Processing: shalom_008.wav
2025-10-19 23:10:47,237 - INFO - Created 23 augmentations for shalom_008.wav
2025-10-19 23:10:47,238 - INFO - Processing: shalom_009.wav
2025-10-19 23:10:47,538 - INFO - Created 23 augmentations for shalom_009.wav
2025-10-19 23:10:47,539 - INFO - Processing: shalom_010.wav
2025-10-19 23:10:47,843 - INFO - Created 23 augmentations for shalom_010.wav
2025-10-19 23:10:47,844 - INFO - Processing: shalom_011.wav
2025-10-19 23:10:48,134 - INFO - Created 23 augmentations for shalom_011.wav
2025-10-19 23:10:48,135 - INFO - Processing: shalom_012.wav
2025-10-19 23:10:48,399 - INFO - Created 23 augmentations for shalom_012.wav
2025-10-19 23:10:48,400 - INFO - Processing: shalom_013.wav
2025-10-19 23:10:48,820 - INFO - Created 23 augmentations for shalom_013.wav
2025-10-19 23:10:48,821 - INFO - Processing: shalom_015.wav
2025-10-19 23:10:49,100 - INFO - Created 23 augmentations for shalom_015.wav
2025-10-19 23:10:49,100 - INFO - Processing: shalom_018.wav
2025-10-19 23:10:49,359 - INFO - Created 23 augmentations for shalom_018.wav
2025-10-19 23:10:49,359 - INFO - Processing: shalom_020.wav
2025-10-19 23:10:49,588 - INFO - Created 23 augmentations for shalom_020.wav
2025-10-19 23:10:49,589 - INFO - Processing: shalom_021.wav
2025-10-19 23:10:49,804 - INFO - Created 23 augmentations for shalom_021.wav
2025-10-19 23:10:49,804 - INFO - Processing: shalom_022.wav
2025-10-19 23:10:50,089 - INFO - Created 23 augmentations for shalom_022.wav
2025-10-19 23:10:50,090 - INFO - Processing: shalom_023.wav
2025-10-19 23:10:50,378 - INFO - Created 23 augmentations for shalom_023.wav
2025-10-19 23:10:50,379 - INFO - Processing: shalom_025.wav
2025-10-19 23:10:50,664 - INFO - Created 23 augmentations for shalom_025.wav
2025-10-19 23:10:50,665 - INFO - Processing: shalom_027.wav
2025-10-19 23:10:51,042 - INFO - Created 23 augmentations for shalom_027.wav
2025-10-19 23:10:51,044 - INFO - Processing: shalom_029.wav
2025-10-19 23:10:51,340 - INFO - Created 23 augmentations for shalom_029.wav
2025-10-19 23:10:51,340 - INFO - Processing: shalom_030.wav
2025-10-19 23:10:51,575 - INFO - Created 23 augmentations for shalom_030.wav
2025-10-19 23:10:51,575 - INFO - Processing: shalom_031.wav
2025-10-19 23:10:51,848 - INFO - Created 23 augmentations for shalom_031.wav
2025-10-19 23:10:51,849 - INFO - Processing: shalom_032.wav
2025-10-19 23:10:52,235 - INFO - Created 23 augmentations for shalom_032.wav
2025-10-19 23:10:52,236 - INFO - Processing: shalom_033.wav
2025-10-19 23:10:52,520 - INFO - Created 23 augmentations for shalom_033.wav
2025-10-19 23:10:52,520 - INFO - Processing: shalom_034.wav
2025-10-19 23:10:52,802 - INFO - Created 23 augmentations for shalom_034.wav
2025-10-19 23:10:52,802 - INFO - Processing: shalom_035.wav
2025-10-19 23:10:53,046 - INFO - Created 23 augmentations for shalom_035.wav
2025-10-19 23:10:53,046 - INFO - Processing: shalom_036.wav
2025-10-19 23:10:53,248 - INFO - Created 23 augmentations for shalom_036.wav
2025-10-19 23:10:53,249 - INFO - Processing: shalom_037.wav
2025-10-19 23:10:53,461 - INFO - Created 23 augmentations for shalom_037.wav
2025-10-19 23:10:53,462 - INFO - Processing: shalom_038.wav
2025-10-19 23:10:53,734 - INFO - Created 23 augmentations for shalom_038.wav
2025-10-19 23:10:53,735 - INFO - Processing: shalom_039.wav
2025-10-19 23:10:54,017 - INFO - Created 23 augmentations for shalom_039.wav
2025-10-19 23:10:54,017 - INFO - Processing: shalom_040.wav
2025-10-19 23:10:54,508 - INFO - Created 23 augmentations for shalom_040.wav
2025-10-19 23:10:54,509 - INFO - Processing: shalom_041.wav
2025-10-19 23:10:54,793 - INFO - Created 23 augmentations for shalom_041.wav
2025-10-19 23:10:54,794 - INFO - Processing: shalom_042.wav
2025-10-19 23:10:55,093 - INFO - Created 23 augmentations for shalom_042.wav
2025-10-19 23:10:55,094 - INFO - Processing: shalom_043.wav
2025-10-19 23:10:55,340 - INFO - Created 23 augmentations for shalom_043.wav
2025-10-19 23:10:55,340 - INFO - Processing: shalom_044.wav
2025-10-19 23:10:55,585 - INFO - Created 23 augmentations for shalom_044.wav
2025-10-19 23:10:55,586 - INFO - Processing: shalom_045.wav
2025-10-19 23:10:55,788 - INFO - Created 23 augmentations for shalom_045.wav
2025-10-19 23:10:55,789 - INFO - Processing: shalom_046.wav
2025-10-19 23:10:56,032 - INFO - Created 23 augmentations for shalom_046.wav
2025-10-19 23:10:56,033 - INFO - Processing: shalom_047.wav
2025-10-19 23:10:56,283 - INFO - Created 23 augmentations for shalom_047.wav
2025-10-19 23:10:56,284 - INFO - Processing: shalom_048.wav
2025-10-19 23:10:56,505 - INFO - Created 23 augmentations for shalom_048.wav
2025-10-19 23:10:56,506 - INFO - Processing: shalom_049.wav
2025-10-19 23:10:56,720 - INFO - Created 23 augmentations for shalom_049.wav
2025-10-19 23:10:56,720 - INFO - Processing: shalom_050.wav
2025-10-19 23:10:56,915 - INFO - Created 23 augmentations for shalom_050.wav
2025-10-19 23:10:56,915 - INFO - Processing: shalom_051.wav
2025-10-19 23:10:57,148 - INFO - Created 23 augmentations for shalom_051.wav
2025-10-19 23:10:57,148 - INFO - Processing: shalom_052.wav
2025-10-19 23:10:57,431 - INFO - Created 23 augmentations for shalom_052.wav
2025-10-19 23:10:57,431 - INFO - Processing: shalom_053.wav
2025-10-19 23:10:57,675 - INFO - Created 23 augmentations for shalom_053.wav
2025-10-19 23:10:57,675 - INFO - Processing: shalom_054.wav
2025-10-19 23:10:57,975 - INFO - Created 23 augmentations for shalom_054.wav
2025-10-19 23:10:57,976 - INFO - Processing: shalom_055.wav
2025-10-19 23:10:58,235 - INFO - Created 23 augmentations for shalom_055.wav
2025-10-19 23:10:58,235 - INFO - Processing: shalom_056.wav
2025-10-19 23:10:58,477 - INFO - Created 23 augmentations for shalom_056.wav
2025-10-19 23:10:58,477 - INFO - Processing: shalom_057.wav
2025-10-19 23:10:58,713 - INFO - Created 23 augmentations for shalom_057.wav
2025-10-19 23:10:58,713 - INFO - Processing: shalom_058.wav
2025-10-19 23:10:58,905 - INFO - Created 23 augmentations for shalom_058.wav
2025-10-19 23:10:58,905 - INFO - Processing: shalom_059.wav
2025-10-19 23:10:59,091 - INFO - Created 23 augmentations for shalom_059.wav
2025-10-19 23:10:59,092 - INFO - Processing: shalom_060.wav
2025-10-19 23:10:59,324 - INFO - Created 23 augmentations for shalom_060.wav
2025-10-19 23:10:59,325 - INFO - Processing: shalom_061.wav
2025-10-19 23:10:59,524 - INFO - Created 23 augmentations for shalom_061.wav
2025-10-19 23:10:59,524 - INFO - Processing: shalom_062.wav
2025-10-19 23:10:59,714 - INFO - Created 23 augmentations for shalom_062.wav
2025-10-19 23:10:59,714 - INFO - Processing: shalom_063.wav
2025-10-19 23:11:00,086 - INFO - Created 23 augmentations for shalom_063.wav
2025-10-19 23:11:00,086 - INFO - Processing: shalom_064.wav
2025-10-19 23:11:00,273 - INFO - Created 23 augmentations for shalom_064.wav
2025-10-19 23:11:00,273 - INFO - Processing: shalom_065.wav
2025-10-19 23:11:00,471 - INFO - Created 23 augmentations for shalom_065.wav
2025-10-19 23:11:00,471 - INFO - Processing: shalom_066.wav
2025-10-19 23:11:00,654 - INFO - Created 23 augmentations for shalom_066.wav
2025-10-19 23:11:00,654 - INFO - Processing: shalom_067.wav
2025-10-19 23:11:00,865 - INFO - Created 23 augmentations for shalom_067.wav
2025-10-19 23:11:00,865 - INFO - Processing: shalom_068.wav
2025-10-19 23:11:01,117 - INFO - Created 23 augmentations for shalom_068.wav
2025-10-19 23:11:01,118 - INFO - Processing: shalom_069.wav
2025-10-19 23:11:01,448 - INFO - Created 23 augmentations for shalom_069.wav
2025-10-19 23:11:01,449 - INFO - Processing: shalom_070.wav
2025-10-19 23:11:01,717 - INFO - Created 23 augmentations for shalom_070.wav
2025-10-19 23:11:01,717 - INFO - Processing: shalom_071.wav
2025-10-19 23:11:01,962 - INFO - Created 23 augmentations for shalom_071.wav
2025-10-19 23:11:01,962 - INFO - Processing: shalom_072.wav
2025-10-19 23:11:02,238 - INFO - Created 23 augmentations for shalom_072.wav
2025-10-19 23:11:02,238 - INFO - Processing: shalom_073.wav
2025-10-19 23:11:02,487 - INFO - Created 23 augmentations for shalom_073.wav
2025-10-19 23:11:02,487 - INFO - Processing: shalom_074.wav
2025-10-19 23:11:02,710 - INFO - Created 23 augmentations for shalom_074.wav
2025-10-19 23:11:02,710 - INFO - Processing: shalom_075.wav
2025-10-19 23:11:02,967 - INFO - Created 23 augmentations for shalom_075.wav
2025-10-19 23:11:02,968 - INFO - Processing: shalom_076.wav
2025-10-19 23:11:03,266 - INFO - Created 23 augmentations for shalom_076.wav
2025-10-19 23:11:03,268 - INFO - Processing: shalom_077.wav
2025-10-19 23:11:03,538 - INFO - Created 23 augmentations for shalom_077.wav
2025-10-19 23:11:03,538 - INFO - Processing: shalom_078.wav
2025-10-19 23:11:03,847 - INFO - Created 23 augmentations for shalom_078.wav
2025-10-19 23:11:03,847 - INFO - Processing: shalom_079.wav
2025-10-19 23:11:04,093 - INFO - Created 23 augmentations for shalom_079.wav
2025-10-19 23:11:04,094 - INFO - Processing: shalom_080.wav
2025-10-19 23:11:04,360 - INFO - Created 23 augmentations for shalom_080.wav
2025-10-19 23:11:04,361 - INFO - Processing: shalom_081.wav
2025-10-19 23:11:04,627 - INFO - Created 23 augmentations for shalom_081.wav
2025-10-19 23:11:04,627 - INFO - Processing: shalom_082.wav
2025-10-19 23:11:04,867 - INFO - Created 23 augmentations for shalom_082.wav
2025-10-19 23:11:04,868 - INFO - Processing: shalom_083.wav
2025-10-19 23:11:05,126 - INFO - Created 23 augmentations for shalom_083.wav
2025-10-19 23:11:05,126 - INFO - Processing: shalom_084.wav
2025-10-19 23:11:05,522 - INFO - Created 23 augmentations for shalom_084.wav
2025-10-19 23:11:05,523 - INFO - Processing: shalom_085.wav
2025-10-19 23:11:05,710 - INFO - Created 23 augmentations for shalom_085.wav
2025-10-19 23:11:05,710 - INFO - Processing: shalom_086.wav
2025-10-19 23:11:05,904 - INFO - Created 23 augmentations for shalom_086.wav
2025-10-19 23:11:05,904 - INFO - Processing: shalom_087.wav
2025-10-19 23:11:06,125 - INFO - Created 23 augmentations for shalom_087.wav
2025-10-19 23:11:06,126 - INFO - Class shalom completed: 1896 total files (24.0x expansion)
2025-10-19 23:11:06,126 - INFO - 
============================================================
2025-10-19 23:11:06,126 - INFO - AUGMENTATION COMPLETED
2025-10-19 23:11:06,127 - INFO - ============================================================
2025-10-19 23:11:06,127 - INFO - Files processed: 115
2025-10-19 23:11:06,127 - INFO - Augmentations created: 3509
2025-10-19 23:11:06,127 - INFO - Total files: 3624
2025-10-19 23:11:06,127 - INFO - Augmented files saved to: ..\augmented_dataset
2025-10-19 23:11:06,128 - INFO - Processing time: 55.73 seconds (0.93 minutes)
2025-10-19 23:11:06,128 - INFO - Errors: 0
2025-10-19 23:11:06,128 - INFO - 
Class Statistics:
2025-10-19 23:11:06,128 - INFO -   unknown: 2140 files (1.0x expansion)
2025-10-19 23:11:06,129 - INFO -   background: 120 files (1.0x expansion)
2025-10-19 23:11:06,129 - INFO -   lehitraoot: 1728 files (48.0x expansion)
2025-10-19 23:11:06,129 - INFO -   shalom: 1896 files (24.0x expansion)
2025-10-23 22:35:00,254 - INFO - ============================================================
2025-10-23 22:35:00,255 - INFO - Complete Dataset Processing for Wake Word Detection
2025-10-23 22:35:00,255 - INFO - ============================================================
2025-10-23 22:35:00,260 - INFO - Loaded 120 noise files
2025-10-23 22:35:00,261 - INFO - Starting audio augmentation...
2025-10-23 22:35:00,262 - INFO - Data directory: ..\database
2025-10-23 22:35:00,262 - INFO - Augmented files will be saved to: ..\augmented_dataset
2025-10-23 22:35:00,263 - INFO - Noise directory: ..\database\background
2025-10-23 22:35:00,264 - INFO - Available noise files: 120
2025-10-23 22:35:00,264 - INFO - Target samples per class: 2250
2025-10-23 22:35:00,265 - INFO - 
Copying unknown directory as-is (no augmentation)
2025-10-23 22:35:05,101 - INFO - Copied 2140 files from unknown
2025-10-23 22:35:05,102 - INFO - 
Copying background directory as-is (no augmentation)
2025-10-23 22:35:05,412 - INFO - Copied 120 files from background
2025-10-23 22:35:05,413 - INFO - Found 2 word directories: ['lehitraoot', 'shalom']
2025-10-23 22:35:05,413 - INFO - 
Processing word: lehitraoot
2025-10-23 22:35:05,414 - INFO - Found 36 WAV files
2025-10-23 22:35:05,415 - INFO - Original samples: 36, Target: 2250
2025-10-23 22:35:05,415 - INFO - Need 2214 augmentations (61.5 per file)
2025-10-23 22:35:05,554 - INFO - Copied 36 original files
2025-10-23 22:35:05,558 - INFO - Processing: lehitraoot_001.wav
2025-10-23 22:35:11,651 - INFO - Created 47 augmentations for lehitraoot_001.wav
2025-10-23 22:35:11,652 - INFO - Processing: lehitraoot_002.wav
2025-10-23 22:35:12,251 - INFO - Created 47 augmentations for lehitraoot_002.wav
2025-10-23 22:35:12,252 - INFO - Processing: lehitraoot_003.wav
2025-10-23 22:35:13,035 - INFO - Created 47 augmentations for lehitraoot_003.wav
2025-10-23 22:35:13,036 - INFO - Processing: lehitraoot_004.wav
2025-10-23 22:35:13,674 - INFO - Created 47 augmentations for lehitraoot_004.wav
2025-10-23 22:35:13,674 - INFO - Processing: lehitraoot_006.wav
2025-10-23 22:35:14,444 - INFO - Created 47 augmentations for lehitraoot_006.wav
2025-10-23 22:35:14,444 - INFO - Processing: lehitraoot_008.wav
2025-10-23 22:35:15,071 - INFO - Created 47 augmentations for lehitraoot_008.wav
2025-10-23 22:35:15,071 - INFO - Processing: lehitraoot_009.wav
2025-10-23 22:35:15,714 - INFO - Created 47 augmentations for lehitraoot_009.wav
2025-10-23 22:35:15,714 - INFO - Processing: lehitraoot_010.wav
2025-10-23 22:35:16,346 - INFO - Created 47 augmentations for lehitraoot_010.wav
2025-10-23 22:35:16,346 - INFO - Processing: lehitraoot_011.wav
2025-10-23 22:35:17,033 - INFO - Created 47 augmentations for lehitraoot_011.wav
2025-10-23 22:35:17,033 - INFO - Processing: lehitraoot_012.wav
2025-10-23 22:35:17,798 - INFO - Created 47 augmentations for lehitraoot_012.wav
2025-10-23 22:35:17,798 - INFO - Processing: lehitraoot_014.wav
2025-10-23 22:35:18,600 - INFO - Created 47 augmentations for lehitraoot_014.wav
2025-10-23 22:35:18,601 - INFO - Processing: lehitraoot_015.wav
2025-10-23 22:35:19,498 - INFO - Created 47 augmentations for lehitraoot_015.wav
2025-10-23 22:35:19,498 - INFO - Processing: lehitraoot_017.wav
2025-10-23 22:35:20,457 - INFO - Created 47 augmentations for lehitraoot_017.wav
2025-10-23 22:35:20,457 - INFO - Processing: lehitraoot_022.wav
2025-10-23 22:35:21,197 - INFO - Created 47 augmentations for lehitraoot_022.wav
2025-10-23 22:35:21,198 - INFO - Processing: lehitraoot_025.wav
2025-10-23 22:35:21,901 - INFO - Created 47 augmentations for lehitraoot_025.wav
2025-10-23 22:35:21,902 - INFO - Processing: lehitraoot_027.wav
2025-10-23 22:35:22,505 - INFO - Created 47 augmentations for lehitraoot_027.wav
2025-10-23 22:35:22,505 - INFO - Processing: lehitraoot_029.wav
2025-10-23 22:35:23,122 - INFO - Created 47 augmentations for lehitraoot_029.wav
2025-10-23 22:35:23,123 - INFO - Processing: lehitraoot_030.wav
2025-10-23 22:35:23,739 - INFO - Created 47 augmentations for lehitraoot_030.wav
2025-10-23 22:35:23,739 - INFO - Processing: lehitraoot_033.wav
2025-10-23 22:35:24,321 - INFO - Created 47 augmentations for lehitraoot_033.wav
2025-10-23 22:35:24,324 - INFO - Processing: lehitraoot_034.wav
2025-10-23 22:35:24,894 - INFO - Created 47 augmentations for lehitraoot_034.wav
2025-10-23 22:35:24,894 - INFO - Processing: lehitraoot_037.wav
2025-10-23 22:35:25,717 - INFO - Created 47 augmentations for lehitraoot_037.wav
2025-10-23 22:35:25,717 - INFO - Processing: lehitraoot_038.wav
2025-10-23 22:35:26,347 - INFO - Created 47 augmentations for lehitraoot_038.wav
2025-10-23 22:35:26,347 - INFO - Processing: lehitraoot_039.wav
2025-10-23 22:35:26,928 - INFO - Created 47 augmentations for lehitraoot_039.wav
2025-10-23 22:35:26,928 - INFO - Processing: lehitraoot_040.wav
2025-10-23 22:35:27,501 - INFO - Created 47 augmentations for lehitraoot_040.wav
2025-10-23 22:35:27,502 - INFO - Processing: lehitraoot_041.wav
2025-10-23 22:35:28,049 - INFO - Created 47 augmentations for lehitraoot_041.wav
2025-10-23 22:35:28,052 - INFO - Processing: lehitraoot_044.wav
2025-10-23 22:35:28,612 - INFO - Created 47 augmentations for lehitraoot_044.wav
2025-10-23 22:35:28,614 - INFO - Processing: lehitraoot_046.wav
2025-10-23 22:35:29,168 - INFO - Created 47 augmentations for lehitraoot_046.wav
2025-10-23 22:35:29,168 - INFO - Processing: lehitraoot_047.wav
2025-10-23 22:35:29,748 - INFO - Created 47 augmentations for lehitraoot_047.wav
2025-10-23 22:35:29,749 - INFO - Processing: lehitraoot_048.wav
2025-10-23 22:35:30,346 - INFO - Created 47 augmentations for lehitraoot_048.wav
2025-10-23 22:35:30,346 - INFO - Processing: lehitraoot_049.wav
2025-10-23 22:35:31,115 - INFO - Created 47 augmentations for lehitraoot_049.wav
2025-10-23 22:35:31,115 - INFO - Processing: lehitraoot_051.wav
2025-10-23 22:35:31,687 - INFO - Created 47 augmentations for lehitraoot_051.wav
2025-10-23 22:35:31,687 - INFO - Processing: lehitraoot_053.wav
2025-10-23 22:35:32,238 - INFO - Created 47 augmentations for lehitraoot_053.wav
2025-10-23 22:35:32,241 - INFO - Processing: lehitraoot_054.wav
2025-10-23 22:35:32,829 - INFO - Created 47 augmentations for lehitraoot_054.wav
2025-10-23 22:35:32,829 - INFO - Processing: lehitraoot_055.wav
2025-10-23 22:35:33,425 - INFO - Created 47 augmentations for lehitraoot_055.wav
2025-10-23 22:35:33,426 - INFO - Processing: lehitraoot_056.wav
2025-10-23 22:35:34,020 - INFO - Created 47 augmentations for lehitraoot_056.wav
2025-10-23 22:35:34,020 - INFO - Processing: lehitraoot_057.wav
2025-10-23 22:35:34,611 - INFO - Created 47 augmentations for lehitraoot_057.wav
2025-10-23 22:35:34,611 - INFO - Class lehitraoot completed: 1728 total files (48.0x expansion)
2025-10-23 22:35:34,612 - INFO - 
Processing word: shalom
2025-10-23 22:35:34,614 - INFO - Found 79 WAV files
2025-10-23 22:35:34,614 - INFO - Original samples: 79, Target: 2250
2025-10-23 22:35:34,614 - INFO - Need 2171 augmentations (27.5 per file)
2025-10-23 22:35:34,745 - INFO - Copied 79 original files
2025-10-23 22:35:34,745 - INFO - Processing: shalom_001.wav
2025-10-23 22:35:34,995 - INFO - Created 23 augmentations for shalom_001.wav
2025-10-23 22:35:34,996 - INFO - Processing: shalom_002.wav
2025-10-23 22:35:35,258 - INFO - Created 23 augmentations for shalom_002.wav
2025-10-23 22:35:35,258 - INFO - Processing: shalom_003.wav
2025-10-23 22:35:35,533 - INFO - Created 23 augmentations for shalom_003.wav
2025-10-23 22:35:35,534 - INFO - Processing: shalom_004.wav
2025-10-23 22:35:35,874 - INFO - Created 23 augmentations for shalom_004.wav
2025-10-23 22:35:35,875 - INFO - Processing: shalom_006.wav
2025-10-23 22:35:36,199 - INFO - Created 23 augmentations for shalom_006.wav
2025-10-23 22:35:36,200 - INFO - Processing: shalom_007.wav
2025-10-23 22:35:36,623 - INFO - Created 23 augmentations for shalom_007.wav
2025-10-23 22:35:36,623 - INFO - Processing: shalom_008.wav
2025-10-23 22:35:36,931 - INFO - Created 23 augmentations for shalom_008.wav
2025-10-23 22:35:36,931 - INFO - Processing: shalom_009.wav
2025-10-23 22:35:37,236 - INFO - Created 23 augmentations for shalom_009.wav
2025-10-23 22:35:37,236 - INFO - Processing: shalom_010.wav
2025-10-23 22:35:37,565 - INFO - Created 23 augmentations for shalom_010.wav
2025-10-23 22:35:37,566 - INFO - Processing: shalom_011.wav
2025-10-23 22:35:37,831 - INFO - Created 23 augmentations for shalom_011.wav
2025-10-23 22:35:37,831 - INFO - Processing: shalom_012.wav
2025-10-23 22:35:38,166 - INFO - Created 23 augmentations for shalom_012.wav
2025-10-23 22:35:38,167 - INFO - Processing: shalom_013.wav
2025-10-23 22:35:38,494 - INFO - Created 23 augmentations for shalom_013.wav
2025-10-23 22:35:38,494 - INFO - Processing: shalom_015.wav
2025-10-23 22:35:38,862 - INFO - Created 23 augmentations for shalom_015.wav
2025-10-23 22:35:38,862 - INFO - Processing: shalom_018.wav
2025-10-23 22:35:39,151 - INFO - Created 23 augmentations for shalom_018.wav
2025-10-23 22:35:39,151 - INFO - Processing: shalom_020.wav
2025-10-23 22:35:39,424 - INFO - Created 23 augmentations for shalom_020.wav
2025-10-23 22:35:39,425 - INFO - Processing: shalom_021.wav
2025-10-23 22:35:39,768 - INFO - Created 23 augmentations for shalom_021.wav
2025-10-23 22:35:39,769 - INFO - Processing: shalom_022.wav
2025-10-23 22:35:40,091 - INFO - Created 23 augmentations for shalom_022.wav
2025-10-23 22:35:40,092 - INFO - Processing: shalom_023.wav
2025-10-23 22:35:40,465 - INFO - Created 23 augmentations for shalom_023.wav
2025-10-23 22:35:40,466 - INFO - Processing: shalom_025.wav
2025-10-23 22:35:40,744 - INFO - Created 23 augmentations for shalom_025.wav
2025-10-23 22:35:40,744 - INFO - Processing: shalom_027.wav
2025-10-23 22:35:41,065 - INFO - Created 23 augmentations for shalom_027.wav
2025-10-23 22:35:41,065 - INFO - Processing: shalom_029.wav
2025-10-23 22:35:41,355 - INFO - Created 23 augmentations for shalom_029.wav
2025-10-23 22:35:41,355 - INFO - Processing: shalom_030.wav
2025-10-23 22:35:41,631 - INFO - Created 23 augmentations for shalom_030.wav
2025-10-23 22:35:41,632 - INFO - Processing: shalom_031.wav
2025-10-23 22:35:41,904 - INFO - Created 23 augmentations for shalom_031.wav
2025-10-23 22:35:41,905 - INFO - Processing: shalom_032.wav
2025-10-23 22:35:42,314 - INFO - Created 23 augmentations for shalom_032.wav
2025-10-23 22:35:42,314 - INFO - Processing: shalom_033.wav
2025-10-23 22:35:42,590 - INFO - Created 23 augmentations for shalom_033.wav
2025-10-23 22:35:42,590 - INFO - Processing: shalom_034.wav
2025-10-23 22:35:42,880 - INFO - Created 23 augmentations for shalom_034.wav
2025-10-23 22:35:42,880 - INFO - Processing: shalom_035.wav
2025-10-23 22:35:43,172 - INFO - Created 23 augmentations for shalom_035.wav
2025-10-23 22:35:43,172 - INFO - Processing: shalom_036.wav
2025-10-23 22:35:43,454 - INFO - Created 23 augmentations for shalom_036.wav
2025-10-23 22:35:43,454 - INFO - Processing: shalom_037.wav
2025-10-23 22:35:43,756 - INFO - Created 23 augmentations for shalom_037.wav
2025-10-23 22:35:43,756 - INFO - Processing: shalom_038.wav
2025-10-23 22:35:44,083 - INFO - Created 23 augmentations for shalom_038.wav
2025-10-23 22:35:44,085 - INFO - Processing: shalom_039.wav
2025-10-23 22:35:44,449 - INFO - Created 23 augmentations for shalom_039.wav
2025-10-23 22:35:44,451 - INFO - Processing: shalom_040.wav
2025-10-23 22:35:44,828 - INFO - Created 23 augmentations for shalom_040.wav
2025-10-23 22:35:44,829 - INFO - Processing: shalom_041.wav
2025-10-23 22:35:45,090 - INFO - Created 23 augmentations for shalom_041.wav
2025-10-23 22:35:45,091 - INFO - Processing: shalom_042.wav
2025-10-23 22:35:45,396 - INFO - Created 23 augmentations for shalom_042.wav
2025-10-23 22:35:45,396 - INFO - Processing: shalom_043.wav
2025-10-23 22:35:45,712 - INFO - Created 23 augmentations for shalom_043.wav
2025-10-23 22:35:45,712 - INFO - Processing: shalom_044.wav
2025-10-23 22:35:46,038 - INFO - Created 23 augmentations for shalom_044.wav
2025-10-23 22:35:46,039 - INFO - Processing: shalom_045.wav
2025-10-23 22:35:46,295 - INFO - Created 23 augmentations for shalom_045.wav
2025-10-23 22:35:46,295 - INFO - Processing: shalom_046.wav
2025-10-23 22:35:46,652 - INFO - Created 23 augmentations for shalom_046.wav
2025-10-23 22:35:46,654 - INFO - Processing: shalom_047.wav
2025-10-23 22:35:47,042 - INFO - Created 23 augmentations for shalom_047.wav
2025-10-23 22:35:47,042 - INFO - Processing: shalom_048.wav
2025-10-23 22:35:47,400 - INFO - Created 23 augmentations for shalom_048.wav
2025-10-23 22:35:47,402 - INFO - Processing: shalom_049.wav
2025-10-23 22:35:47,919 - INFO - Created 23 augmentations for shalom_049.wav
2025-10-23 22:35:47,919 - INFO - Processing: shalom_050.wav
2025-10-23 22:35:48,257 - INFO - Created 23 augmentations for shalom_050.wav
2025-10-23 22:35:48,259 - INFO - Processing: shalom_051.wav
2025-10-23 22:35:48,596 - INFO - Created 23 augmentations for shalom_051.wav
2025-10-23 22:35:48,598 - INFO - Processing: shalom_052.wav
2025-10-23 22:35:48,939 - INFO - Created 23 augmentations for shalom_052.wav
2025-10-23 22:35:48,939 - INFO - Processing: shalom_053.wav
2025-10-23 22:35:49,292 - INFO - Created 23 augmentations for shalom_053.wav
2025-10-23 22:35:49,293 - INFO - Processing: shalom_054.wav
2025-10-23 22:35:49,673 - INFO - Created 23 augmentations for shalom_054.wav
2025-10-23 22:35:49,674 - INFO - Processing: shalom_055.wav
2025-10-23 22:35:50,013 - INFO - Created 23 augmentations for shalom_055.wav
2025-10-23 22:35:50,014 - INFO - Processing: shalom_056.wav
2025-10-23 22:35:50,415 - INFO - Created 23 augmentations for shalom_056.wav
2025-10-23 22:35:50,416 - INFO - Processing: shalom_057.wav
2025-10-23 22:35:50,812 - INFO - Created 23 augmentations for shalom_057.wav
2025-10-23 22:35:50,812 - INFO - Processing: shalom_058.wav
2025-10-23 22:35:51,176 - INFO - Created 23 augmentations for shalom_058.wav
2025-10-23 22:35:51,177 - INFO - Processing: shalom_059.wav
2025-10-23 22:35:51,575 - INFO - Created 23 augmentations for shalom_059.wav
2025-10-23 22:35:51,576 - INFO - Processing: shalom_060.wav
2025-10-23 22:35:51,950 - INFO - Created 23 augmentations for shalom_060.wav
2025-10-23 22:35:51,951 - INFO - Processing: shalom_061.wav
2025-10-23 22:35:52,278 - INFO - Created 23 augmentations for shalom_061.wav
2025-10-23 22:35:52,279 - INFO - Processing: shalom_062.wav
2025-10-23 22:35:52,614 - INFO - Created 23 augmentations for shalom_062.wav
2025-10-23 22:35:52,615 - INFO - Processing: shalom_063.wav
2025-10-23 22:35:52,916 - INFO - Created 23 augmentations for shalom_063.wav
2025-10-23 22:35:52,918 - INFO - Processing: shalom_064.wav
2025-10-23 22:35:53,329 - INFO - Created 23 augmentations for shalom_064.wav
2025-10-23 22:35:53,329 - INFO - Processing: shalom_065.wav
2025-10-23 22:35:53,945 - INFO - Created 23 augmentations for shalom_065.wav
2025-10-23 22:35:53,946 - INFO - Processing: shalom_066.wav
2025-10-23 22:35:54,251 - INFO - Created 23 augmentations for shalom_066.wav
2025-10-23 22:35:54,252 - INFO - Processing: shalom_067.wav
2025-10-23 22:35:54,496 - INFO - Created 23 augmentations for shalom_067.wav
2025-10-23 22:35:54,497 - INFO - Processing: shalom_068.wav
2025-10-23 22:35:54,763 - INFO - Created 23 augmentations for shalom_068.wav
2025-10-23 22:35:54,764 - INFO - Processing: shalom_069.wav
2025-10-23 22:35:55,038 - INFO - Created 23 augmentations for shalom_069.wav
2025-10-23 22:35:55,038 - INFO - Processing: shalom_070.wav
2025-10-23 22:35:55,282 - INFO - Created 23 augmentations for shalom_070.wav
2025-10-23 22:35:55,283 - INFO - Processing: shalom_071.wav
2025-10-23 22:35:55,540 - INFO - Created 23 augmentations for shalom_071.wav
2025-10-23 22:35:55,540 - INFO - Processing: shalom_072.wav
2025-10-23 22:35:55,813 - INFO - Created 23 augmentations for shalom_072.wav
2025-10-23 22:35:55,814 - INFO - Processing: shalom_073.wav
2025-10-23 22:35:56,058 - INFO - Created 23 augmentations for shalom_073.wav
2025-10-23 22:35:56,059 - INFO - Processing: shalom_074.wav
2025-10-23 22:35:56,315 - INFO - Created 23 augmentations for shalom_074.wav
2025-10-23 22:35:56,315 - INFO - Processing: shalom_075.wav
2025-10-23 22:35:56,569 - INFO - Created 23 augmentations for shalom_075.wav
2025-10-23 22:35:56,570 - INFO - Processing: shalom_076.wav
2025-10-23 22:35:56,830 - INFO - Created 23 augmentations for shalom_076.wav
2025-10-23 22:35:56,830 - INFO - Processing: shalom_077.wav
2025-10-23 22:35:57,098 - INFO - Created 23 augmentations for shalom_077.wav
2025-10-23 22:35:57,099 - INFO - Processing: shalom_078.wav
2025-10-23 22:35:57,371 - INFO - Created 23 augmentations for shalom_078.wav
2025-10-23 22:35:57,372 - INFO - Processing: shalom_079.wav
2025-10-23 22:35:57,637 - INFO - Created 23 augmentations for shalom_079.wav
2025-10-23 22:35:57,638 - INFO - Processing: shalom_080.wav
2025-10-23 22:35:57,894 - INFO - Created 23 augmentations for shalom_080.wav
2025-10-23 22:35:57,897 - INFO - Processing: shalom_081.wav
2025-10-23 22:35:58,242 - INFO - Created 23 augmentations for shalom_081.wav
2025-10-23 22:35:58,243 - INFO - Processing: shalom_082.wav
2025-10-23 22:35:58,503 - INFO - Created 23 augmentations for shalom_082.wav
2025-10-23 22:35:58,503 - INFO - Processing: shalom_083.wav
2025-10-23 22:35:58,765 - INFO - Created 23 augmentations for shalom_083.wav
2025-10-23 22:35:58,765 - INFO - Processing: shalom_084.wav
2025-10-23 22:35:59,165 - INFO - Created 23 augmentations for shalom_084.wav
2025-10-23 22:35:59,165 - INFO - Processing: shalom_085.wav
2025-10-23 22:35:59,511 - INFO - Created 23 augmentations for shalom_085.wav
2025-10-23 22:35:59,511 - INFO - Processing: shalom_086.wav
2025-10-23 22:35:59,792 - INFO - Created 23 augmentations for shalom_086.wav
2025-10-23 22:35:59,793 - INFO - Processing: shalom_087.wav
2025-10-23 22:36:00,090 - INFO - Created 23 augmentations for shalom_087.wav
2025-10-23 22:36:00,090 - INFO - Class shalom completed: 1896 total files (24.0x expansion)
2025-10-23 22:36:00,091 - INFO - 
============================================================
2025-10-23 22:36:00,091 - INFO - AUGMENTATION COMPLETED
2025-10-23 22:36:00,091 - INFO - ============================================================
2025-10-23 22:36:00,092 - INFO - Files processed: 115
2025-10-23 22:36:00,092 - INFO - Augmentations created: 3509
2025-10-23 22:36:00,092 - INFO - Total files: 3624
2025-10-23 22:36:00,093 - INFO - Augmented files saved to: ..\augmented_dataset
2025-10-23 22:36:00,093 - INFO - Processing time: 59.83 seconds (1.00 minutes)
2025-10-23 22:36:00,093 - INFO - Errors: 0
2025-10-23 22:36:00,094 - INFO - 
Class Statistics:
2025-10-23 22:36:00,094 - INFO -   unknown: 2140 files (1.0x expansion)
2025-10-23 22:36:00,094 - INFO -   background: 120 files (1.0x expansion)
2025-10-23 22:36:00,095 - INFO -   lehitraoot: 1728 files (48.0x expansion)
2025-10-23 22:36:00,095 - INFO -   shalom: 1896 files (24.0x expansion)
2025-10-23 23:37:04,577 - INFO - ============================================================
2025-10-23 23:37:04,578 - INFO - Complete Dataset Processing for Wake Word Detection
2025-10-23 23:37:04,584 - INFO - ============================================================
2025-10-23 23:37:04,590 - INFO - Loaded 120 noise files
2025-10-23 23:37:04,598 - INFO - Starting audio augmentation...
2025-10-23 23:37:04,601 - INFO - Data directory: ..\database
2025-10-23 23:37:04,601 - INFO - Augmented files will be saved to: ..\augmented_dataset
2025-10-23 23:37:04,602 - INFO - Noise directory: ..\database\background
2025-10-23 23:37:04,602 - INFO - Available noise files: 120
2025-10-23 23:37:04,602 - INFO - Target samples per class: 2250
2025-10-23 23:37:04,603 - INFO - 
Copying unknown directory as-is (no augmentation)
2025-10-23 23:37:13,321 - INFO - Copied 2140 files from unknown
2025-10-23 23:37:13,329 - INFO - 
Copying background directory as-is (no augmentation)
2025-10-23 23:37:14,109 - INFO - Copied 120 files from background
2025-10-23 23:37:14,113 - INFO - Found 2 word directories: ['lehitraoot', 'shalom']
2025-10-23 23:37:14,113 - INFO - 
Processing word: lehitraoot
2025-10-23 23:37:14,116 - INFO - Found 36 WAV files
2025-10-23 23:37:14,117 - INFO - Original samples: 36, Target: 2250
2025-10-23 23:37:14,117 - INFO - Need 2214 augmentations (61.5 per file)
2025-10-23 23:37:14,452 - INFO - Copied 36 original files
2025-10-23 23:37:14,452 - INFO - Processing: lehitraoot_001.wav
2025-10-23 23:37:23,578 - INFO - Created 47 augmentations for lehitraoot_001.wav
2025-10-23 23:37:23,578 - INFO - Processing: lehitraoot_002.wav
2025-10-23 23:37:24,561 - INFO - Created 47 augmentations for lehitraoot_002.wav
2025-10-23 23:37:24,561 - INFO - Processing: lehitraoot_003.wav
2025-10-23 23:37:25,753 - INFO - Created 47 augmentations for lehitraoot_003.wav
2025-10-23 23:37:25,760 - INFO - Processing: lehitraoot_004.wav
2025-10-23 23:37:26,898 - INFO - Created 47 augmentations for lehitraoot_004.wav
2025-10-23 23:37:26,898 - INFO - Processing: lehitraoot_006.wav
2025-10-23 23:37:28,049 - INFO - Created 47 augmentations for lehitraoot_006.wav
2025-10-23 23:37:28,052 - INFO - Processing: lehitraoot_008.wav
2025-10-23 23:37:29,125 - INFO - Created 47 augmentations for lehitraoot_008.wav
2025-10-23 23:37:29,129 - INFO - Processing: lehitraoot_009.wav
2025-10-23 23:37:30,233 - INFO - Created 47 augmentations for lehitraoot_009.wav
2025-10-23 23:37:30,234 - INFO - Processing: lehitraoot_010.wav
2025-10-23 23:37:31,333 - INFO - Created 47 augmentations for lehitraoot_010.wav
2025-10-23 23:37:31,333 - INFO - Processing: lehitraoot_011.wav
2025-10-23 23:37:32,466 - INFO - Created 47 augmentations for lehitraoot_011.wav
2025-10-23 23:37:32,468 - INFO - Processing: lehitraoot_012.wav
2025-10-23 23:37:33,454 - INFO - Created 47 augmentations for lehitraoot_012.wav
2025-10-23 23:37:33,455 - INFO - Processing: lehitraoot_014.wav
2025-10-23 23:37:34,533 - INFO - Created 47 augmentations for lehitraoot_014.wav
2025-10-23 23:37:34,536 - INFO - Processing: lehitraoot_015.wav
2025-10-23 23:37:35,744 - INFO - Created 47 augmentations for lehitraoot_015.wav
2025-10-23 23:37:35,744 - INFO - Processing: lehitraoot_017.wav
2025-10-23 23:37:36,629 - INFO - Created 47 augmentations for lehitraoot_017.wav
2025-10-23 23:37:36,630 - INFO - Processing: lehitraoot_022.wav
2025-10-23 23:37:37,664 - INFO - Created 47 augmentations for lehitraoot_022.wav
2025-10-23 23:37:37,667 - INFO - Processing: lehitraoot_025.wav
2025-10-23 23:37:38,693 - INFO - Created 47 augmentations for lehitraoot_025.wav
2025-10-23 23:37:38,694 - INFO - Processing: lehitraoot_027.wav
2025-10-23 23:37:39,583 - INFO - Created 47 augmentations for lehitraoot_027.wav
2025-10-23 23:37:39,585 - INFO - Processing: lehitraoot_029.wav
2025-10-23 23:37:40,626 - INFO - Created 47 augmentations for lehitraoot_029.wav
2025-10-23 23:37:40,628 - INFO - Processing: lehitraoot_030.wav
2025-10-23 23:37:41,701 - INFO - Created 47 augmentations for lehitraoot_030.wav
2025-10-23 23:37:41,705 - INFO - Processing: lehitraoot_033.wav
2025-10-23 23:37:42,623 - INFO - Created 47 augmentations for lehitraoot_033.wav
2025-10-23 23:37:42,623 - INFO - Processing: lehitraoot_034.wav
2025-10-23 23:37:43,669 - INFO - Created 47 augmentations for lehitraoot_034.wav
2025-10-23 23:37:43,669 - INFO - Processing: lehitraoot_037.wav
2025-10-23 23:37:44,684 - INFO - Created 47 augmentations for lehitraoot_037.wav
2025-10-23 23:37:44,692 - INFO - Processing: lehitraoot_038.wav
2025-10-23 23:37:45,625 - INFO - Created 47 augmentations for lehitraoot_038.wav
2025-10-23 23:37:45,628 - INFO - Processing: lehitraoot_039.wav
2025-10-23 23:37:46,721 - INFO - Created 47 augmentations for lehitraoot_039.wav
2025-10-23 23:37:46,722 - INFO - Processing: lehitraoot_040.wav
2025-10-23 23:37:47,727 - INFO - Created 47 augmentations for lehitraoot_040.wav
2025-10-23 23:37:47,727 - INFO - Processing: lehitraoot_041.wav
2025-10-23 23:37:48,603 - INFO - Created 47 augmentations for lehitraoot_041.wav
2025-10-23 23:37:48,604 - INFO - Processing: lehitraoot_044.wav
2025-10-23 23:37:49,616 - INFO - Created 47 augmentations for lehitraoot_044.wav
2025-10-23 23:37:49,619 - INFO - Processing: lehitraoot_046.wav
2025-10-23 23:37:50,672 - INFO - Created 47 augmentations for lehitraoot_046.wav
2025-10-23 23:37:50,675 - INFO - Processing: lehitraoot_047.wav
2025-10-23 23:37:51,575 - INFO - Created 47 augmentations for lehitraoot_047.wav
2025-10-23 23:37:51,575 - INFO - Processing: lehitraoot_048.wav
2025-10-23 23:37:52,642 - INFO - Created 47 augmentations for lehitraoot_048.wav
2025-10-23 23:37:52,643 - INFO - Processing: lehitraoot_049.wav
2025-10-23 23:37:53,619 - INFO - Created 47 augmentations for lehitraoot_049.wav
2025-10-23 23:37:53,620 - INFO - Processing: lehitraoot_051.wav
2025-10-23 23:37:54,452 - INFO - Created 47 augmentations for lehitraoot_051.wav
2025-10-23 23:37:54,452 - INFO - Processing: lehitraoot_053.wav
2025-10-23 23:37:55,383 - INFO - Created 47 augmentations for lehitraoot_053.wav
2025-10-23 23:37:55,384 - INFO - Processing: lehitraoot_054.wav
2025-10-23 23:37:56,356 - INFO - Created 47 augmentations for lehitraoot_054.wav
2025-10-23 23:37:56,359 - INFO - Processing: lehitraoot_055.wav
2025-10-23 23:37:57,296 - INFO - Created 47 augmentations for lehitraoot_055.wav
2025-10-23 23:37:57,300 - INFO - Processing: lehitraoot_056.wav
2025-10-23 23:37:58,256 - INFO - Created 47 augmentations for lehitraoot_056.wav
2025-10-23 23:37:58,257 - INFO - Processing: lehitraoot_057.wav
2025-10-23 23:37:59,207 - INFO - Created 47 augmentations for lehitraoot_057.wav
2025-10-23 23:37:59,207 - INFO - Class lehitraoot completed: 1728 total files (48.0x expansion)
2025-10-23 23:37:59,208 - INFO - 
Processing word: shalom
2025-10-23 23:37:59,214 - INFO - Found 73 WAV files
2025-10-23 23:37:59,215 - INFO - Original samples: 73, Target: 2250
2025-10-23 23:37:59,215 - INFO - Need 2177 augmentations (29.8 per file)
2025-10-23 23:37:59,433 - INFO - Copied 73 original files
2025-10-23 23:37:59,436 - INFO - Processing: shalom_001.wav
2025-10-23 23:37:59,853 - INFO - Created 23 augmentations for shalom_001.wav
2025-10-23 23:37:59,858 - INFO - Processing: shalom_002.wav
2025-10-23 23:38:00,369 - INFO - Created 23 augmentations for shalom_002.wav
2025-10-23 23:38:00,370 - INFO - Processing: shalom_003.wav
2025-10-23 23:38:00,844 - INFO - Created 23 augmentations for shalom_003.wav
2025-10-23 23:38:00,846 - INFO - Processing: shalom_004.wav
2025-10-23 23:38:01,322 - INFO - Created 23 augmentations for shalom_004.wav
2025-10-23 23:38:01,322 - INFO - Processing: shalom_006.wav
2025-10-23 23:38:01,879 - INFO - Created 23 augmentations for shalom_006.wav
2025-10-23 23:38:01,879 - INFO - Processing: shalom_007.wav
2025-10-23 23:38:02,311 - INFO - Created 23 augmentations for shalom_007.wav
2025-10-23 23:38:02,311 - INFO - Processing: shalom_008.wav
2025-10-23 23:38:02,698 - INFO - Created 23 augmentations for shalom_008.wav
2025-10-23 23:38:02,699 - INFO - Processing: shalom_009.wav
2025-10-23 23:38:03,199 - INFO - Created 23 augmentations for shalom_009.wav
2025-10-23 23:38:03,200 - INFO - Processing: shalom_010.wav
2025-10-23 23:38:03,690 - INFO - Created 23 augmentations for shalom_010.wav
2025-10-23 23:38:03,691 - INFO - Processing: shalom_011.wav
2025-10-23 23:38:04,207 - INFO - Created 23 augmentations for shalom_011.wav
2025-10-23 23:38:04,208 - INFO - Processing: shalom_012.wav
2025-10-23 23:38:04,692 - INFO - Created 23 augmentations for shalom_012.wav
2025-10-23 23:38:04,693 - INFO - Processing: shalom_013.wav
2025-10-23 23:38:05,168 - INFO - Created 23 augmentations for shalom_013.wav
2025-10-23 23:38:05,169 - INFO - Processing: shalom_015.wav
2025-10-23 23:38:05,629 - INFO - Created 23 augmentations for shalom_015.wav
2025-10-23 23:38:05,631 - INFO - Processing: shalom_018.wav
2025-10-23 23:38:06,106 - INFO - Created 23 augmentations for shalom_018.wav
2025-10-23 23:38:06,107 - INFO - Processing: shalom_020.wav
2025-10-23 23:38:06,620 - INFO - Created 23 augmentations for shalom_020.wav
2025-10-23 23:38:06,620 - INFO - Processing: shalom_021.wav
2025-10-23 23:38:07,110 - INFO - Created 23 augmentations for shalom_021.wav
2025-10-23 23:38:07,112 - INFO - Processing: shalom_022.wav
2025-10-23 23:38:07,651 - INFO - Created 23 augmentations for shalom_022.wav
2025-10-23 23:38:07,652 - INFO - Processing: shalom_023.wav
2025-10-23 23:38:08,022 - INFO - Created 23 augmentations for shalom_023.wav
2025-10-23 23:38:08,022 - INFO - Processing: shalom_025.wav
2025-10-23 23:38:08,477 - INFO - Created 23 augmentations for shalom_025.wav
2025-10-23 23:38:08,483 - INFO - Processing: shalom_027.wav
2025-10-23 23:38:08,969 - INFO - Created 23 augmentations for shalom_027.wav
2025-10-23 23:38:08,971 - INFO - Processing: shalom_029.wav
2025-10-23 23:38:09,447 - INFO - Created 23 augmentations for shalom_029.wav
2025-10-23 23:38:09,448 - INFO - Processing: shalom_030.wav
2025-10-23 23:38:09,928 - INFO - Created 23 augmentations for shalom_030.wav
2025-10-23 23:38:09,928 - INFO - Processing: shalom_031.wav
2025-10-23 23:38:10,396 - INFO - Created 23 augmentations for shalom_031.wav
2025-10-23 23:38:10,396 - INFO - Processing: shalom_032.wav
2025-10-23 23:38:10,754 - INFO - Created 23 augmentations for shalom_032.wav
2025-10-23 23:38:10,756 - INFO - Processing: shalom_033.wav
2025-10-23 23:38:11,274 - INFO - Created 23 augmentations for shalom_033.wav
2025-10-23 23:38:11,274 - INFO - Processing: shalom_034.wav
2025-10-23 23:38:11,774 - INFO - Created 23 augmentations for shalom_034.wav
2025-10-23 23:38:11,776 - INFO - Processing: shalom_035.wav
2025-10-23 23:38:12,232 - INFO - Created 23 augmentations for shalom_035.wav
2025-10-23 23:38:12,233 - INFO - Processing: shalom_036.wav
2025-10-23 23:38:12,702 - INFO - Created 23 augmentations for shalom_036.wav
2025-10-23 23:38:12,702 - INFO - Processing: shalom_037.wav
2025-10-23 23:38:13,146 - INFO - Created 23 augmentations for shalom_037.wav
2025-10-23 23:38:13,150 - INFO - Processing: shalom_038.wav
2025-10-23 23:38:13,482 - INFO - Created 23 augmentations for shalom_038.wav
2025-10-23 23:38:13,483 - INFO - Processing: shalom_039.wav
2025-10-23 23:38:13,938 - INFO - Created 23 augmentations for shalom_039.wav
2025-10-23 23:38:13,938 - INFO - Processing: shalom_040.wav
2025-10-23 23:38:14,406 - INFO - Created 23 augmentations for shalom_040.wav
2025-10-23 23:38:14,408 - INFO - Processing: shalom_041.wav
2025-10-23 23:38:14,914 - INFO - Created 23 augmentations for shalom_041.wav
2025-10-23 23:38:14,920 - INFO - Processing: shalom_042.wav
2025-10-23 23:38:15,410 - INFO - Created 23 augmentations for shalom_042.wav
2025-10-23 23:38:15,414 - INFO - Processing: shalom_043.wav
2025-10-23 23:38:15,843 - INFO - Created 23 augmentations for shalom_043.wav
2025-10-23 23:38:15,844 - INFO - Processing: shalom_044.wav
2025-10-23 23:38:16,244 - INFO - Created 23 augmentations for shalom_044.wav
2025-10-23 23:38:16,245 - INFO - Processing: shalom_045.wav
2025-10-23 23:38:16,654 - INFO - Created 23 augmentations for shalom_045.wav
2025-10-23 23:38:16,655 - INFO - Processing: shalom_046.wav
2025-10-23 23:38:17,129 - INFO - Created 23 augmentations for shalom_046.wav
2025-10-23 23:38:17,129 - INFO - Processing: shalom_047.wav
2025-10-23 23:38:17,639 - INFO - Created 23 augmentations for shalom_047.wav
2025-10-23 23:38:17,639 - INFO - Processing: shalom_048.wav
2025-10-23 23:38:18,107 - INFO - Created 23 augmentations for shalom_048.wav
2025-10-23 23:38:18,108 - INFO - Processing: shalom_049.wav
2025-10-23 23:38:18,590 - INFO - Created 23 augmentations for shalom_049.wav
2025-10-23 23:38:18,591 - INFO - Processing: shalom_050.wav
2025-10-23 23:38:18,984 - INFO - Created 23 augmentations for shalom_050.wav
2025-10-23 23:38:18,985 - INFO - Processing: shalom_051.wav
2025-10-23 23:38:19,396 - INFO - Created 23 augmentations for shalom_051.wav
2025-10-23 23:38:19,400 - INFO - Processing: shalom_052.wav
2025-10-23 23:38:19,866 - INFO - Created 23 augmentations for shalom_052.wav
2025-10-23 23:38:19,866 - INFO - Processing: shalom_053.wav
2025-10-23 23:38:20,329 - INFO - Created 23 augmentations for shalom_053.wav
2025-10-23 23:38:20,331 - INFO - Processing: shalom_054.wav
2025-10-23 23:38:20,795 - INFO - Created 23 augmentations for shalom_054.wav
2025-10-23 23:38:20,798 - INFO - Processing: shalom_055.wav
2025-10-23 23:38:21,263 - INFO - Created 23 augmentations for shalom_055.wav
2025-10-23 23:38:21,264 - INFO - Processing: shalom_056.wav
2025-10-23 23:38:21,667 - INFO - Created 23 augmentations for shalom_056.wav
2025-10-23 23:38:21,668 - INFO - Processing: shalom_057.wav
2025-10-23 23:38:22,043 - INFO - Created 23 augmentations for shalom_057.wav
2025-10-23 23:38:22,048 - INFO - Processing: shalom_059.wav
2025-10-23 23:38:22,488 - INFO - Created 23 augmentations for shalom_059.wav
2025-10-23 23:38:22,489 - INFO - Processing: shalom_060.wav
2025-10-23 23:38:22,952 - INFO - Created 23 augmentations for shalom_060.wav
2025-10-23 23:38:22,953 - INFO - Processing: shalom_061.wav
2025-10-23 23:38:23,414 - INFO - Created 23 augmentations for shalom_061.wav
2025-10-23 23:38:23,414 - INFO - Processing: shalom_062.wav
2025-10-23 23:38:23,840 - INFO - Created 23 augmentations for shalom_062.wav
2025-10-23 23:38:23,841 - INFO - Processing: shalom_063.wav
2025-10-23 23:38:24,270 - INFO - Created 23 augmentations for shalom_063.wav
2025-10-23 23:38:24,273 - INFO - Processing: shalom_064.wav
2025-10-23 23:38:24,609 - INFO - Created 23 augmentations for shalom_064.wav
2025-10-23 23:38:24,610 - INFO - Processing: shalom_065.wav
2025-10-23 23:38:25,063 - INFO - Created 23 augmentations for shalom_065.wav
2025-10-23 23:38:25,063 - INFO - Processing: shalom_066.wav
2025-10-23 23:38:25,504 - INFO - Created 23 augmentations for shalom_066.wav
2025-10-23 23:38:25,505 - INFO - Processing: shalom_067.wav
2025-10-23 23:38:25,948 - INFO - Created 23 augmentations for shalom_067.wav
2025-10-23 23:38:25,948 - INFO - Processing: shalom_072.wav
2025-10-23 23:38:26,385 - INFO - Created 23 augmentations for shalom_072.wav
2025-10-23 23:38:26,388 - INFO - Processing: shalom_073.wav
2025-10-23 23:38:26,818 - INFO - Created 23 augmentations for shalom_073.wav
2025-10-23 23:38:26,819 - INFO - Processing: shalom_074.wav
2025-10-23 23:38:27,226 - INFO - Created 23 augmentations for shalom_074.wav
2025-10-23 23:38:27,227 - INFO - Processing: shalom_075.wav
2025-10-23 23:38:27,607 - INFO - Created 23 augmentations for shalom_075.wav
2025-10-23 23:38:27,610 - INFO - Processing: shalom_076.wav
2025-10-23 23:38:28,085 - INFO - Created 23 augmentations for shalom_076.wav
2025-10-23 23:38:28,088 - INFO - Processing: shalom_077.wav
2025-10-23 23:38:28,520 - INFO - Created 23 augmentations for shalom_077.wav
2025-10-23 23:38:28,521 - INFO - Processing: shalom_078.wav
2025-10-23 23:38:28,971 - INFO - Created 23 augmentations for shalom_078.wav
2025-10-23 23:38:28,972 - INFO - Processing: shalom_079.wav
2025-10-23 23:38:29,424 - INFO - Created 23 augmentations for shalom_079.wav
2025-10-23 23:38:29,427 - INFO - Processing: shalom_081.wav
2025-10-23 23:38:29,882 - INFO - Created 23 augmentations for shalom_081.wav
2025-10-23 23:38:29,883 - INFO - Processing: shalom_082.wav
2025-10-23 23:38:30,247 - INFO - Created 23 augmentations for shalom_082.wav
2025-10-23 23:38:30,250 - INFO - Processing: shalom_083.wav
2025-10-23 23:38:30,689 - INFO - Created 23 augmentations for shalom_083.wav
2025-10-23 23:38:30,690 - INFO - Processing: shalom_084.wav
2025-10-23 23:38:31,112 - INFO - Created 23 augmentations for shalom_084.wav
2025-10-23 23:38:31,114 - INFO - Processing: shalom_085.wav
2025-10-23 23:38:31,513 - INFO - Created 23 augmentations for shalom_085.wav
2025-10-23 23:38:31,514 - INFO - Processing: shalom_086.wav
2025-10-23 23:38:31,934 - INFO - Created 23 augmentations for shalom_086.wav
2025-10-23 23:38:31,935 - INFO - Processing: shalom_087.wav
2025-10-23 23:38:32,362 - INFO - Created 23 augmentations for shalom_087.wav
2025-10-23 23:38:32,365 - INFO - Class shalom completed: 1752 total files (24.0x expansion)
2025-10-23 23:38:32,366 - INFO - 
============================================================
2025-10-23 23:38:32,367 - INFO - AUGMENTATION COMPLETED
2025-10-23 23:38:32,367 - INFO - ============================================================
2025-10-23 23:38:32,367 - INFO - Files processed: 109
2025-10-23 23:38:32,367 - INFO - Augmentations created: 3371
2025-10-23 23:38:32,368 - INFO - Total files: 3480
2025-10-23 23:38:32,368 - INFO - Augmented files saved to: ..\augmented_dataset
2025-10-23 23:38:32,368 - INFO - Processing time: 87.78 seconds (1.46 minutes)
2025-10-23 23:38:32,368 - INFO - Errors: 0
2025-10-23 23:38:32,368 - INFO - 
Class Statistics:
2025-10-23 23:38:32,369 - INFO -   unknown: 2140 files (1.0x expansion)
2025-10-23 23:38:32,369 - INFO -   background: 120 files (1.0x expansion)
2025-10-23 23:38:32,369 - INFO -   lehitraoot: 1728 files (48.0x expansion)
2025-10-23 23:38:32,370 - INFO -   shalom: 1752 files (24.0x expansion)
